<table style="border-style: outset; border-width: thin;">
	<thead>
	<tr>
		<th style="border-style: inset; border-width: thin;">Foo</th>
		<th style="border-style: inset; border-width: thin;">Bar</th>
		<th style="border-style: inset; border-width: thin;">Baz</th>
		<th style="border-style: inset; border-width: thin;">Qux</th>
		<th style="border-style: inset; border-width: thin;">Quf</th>
	</tr>
	</thead>
	<tbody>
	<tr>
		<td style="border-style: inset; border-width: thin;">a</td>
		<td style="border-style: inset; border-width: thin;">1</td>
		<td style="border-style: inset; border-width: thin;">5</td>
		<td style="border-style: inset; border-width: thin;">nine</td>
		<td style="border-style: inset; border-width: thin;">foo</td>
	</tr>
	<tr>
		<td style="border-style: inset; border-width: thin;">a</td>
		<td style="border-style: inset; border-width: thin;">2</td>
		<td style="border-style: inset; border-width: thin;">6</td>
		<td style="border-style: inset; border-width: thin;">ten</td>
		<td style="border-style: inset; border-width: thin;">bar</td>
	</tr>
	<tr>
		<td style="border-style: inset; border-width: thin;">b</td>
		<td style="border-style: inset; border-width: thin;">3</td>
		<td style="border-style: inset; border-width: thin;">7</td>
		<td style="border-style: inset; border-width: thin;">11</td>
		<td style="border-style: inset; border-width: thin;">baz</td>
	</tr>
	<tr>
		<td style="border-style: inset; border-width: thin;">b</td>
		<td style="border-style: inset; border-width: thin;">4</td>
		<td style="border-style: inset; border-width: thin;">8</td>
		<td style="border-style: inset; border-width: thin;">12</td>
		<td style="border-style: inset; border-width: thin;">qux</td>
	</tr>
	</tbody>
</table>
