1.36
<table>
	<thead>
	<tr>
		<th>Foo</th>
		<th>Bar</th>
		<th>Baz</th>
		<th>Qux</th>
		<th>Quf</th>
	</tr>
	</thead>
	<tbody>
	<tr>
		<td>a</td>
		<td style="color: green; text-align: center;">1</td>
		<td>5</td>
		<td>nine</td>
		<td>foo</td>
	</tr>
	<tr>
		<td>a</td>
		<td style="color: green; text-align: center;">2</td>
		<td>6</td>
		<td>ten</td>
		<td>bar</td>
	</tr>
	<tr>
		<td>b</td>
		<td style="color: green; text-align: center;">3</td>
		<td>7</td>
		<td>11</td>
		<td>baz</td>
	</tr>
	<tr>
		<td>b</td>
		<td style="color: green; text-align: center;">4</td>
		<td>8</td>
		<td>12</td>
		<td>qux</td>
	</tr>
	</tbody>
</table>
